[36108:30044:0527/152316.818:WARNING:chrome_main_delegate.cc(745)] This is Chrome version 128.0.6613.138 (not a warning)
[36108:60748:0527/152316.964:ERROR:google_update_settings.cc(265)] Failed opening key Software\Chromium to set usagestats; result: 5
[36108:30044:0527/152317.027:WARNING:account_consistency_mode_manager.cc(77)] Desktop Identity Consistency cannot be enabled as no OAuth client ID and client secret have been configured.
[37584:60308:0527/152323.773:WARNING:frame_impl.cc(430)] virtual CefFrameImpl::SendProcessMessage sent to detached frame 5-582DBFBC11BDC2B0CD3052EA5318615F will be ignored
[36108:62600:0527/152450.877:VERBOSE1:media_stream_manager.cc(1533)] MSPL::OnSpeedLimitChange({this=0000287C0235AD40}, {new_limit=18})
[36108:62600:0527/152451.875:VERBOSE1:media_stream_manager.cc(1533)] MSPL::OnSpeedLimitChange({this=0000287C0235AD40}, {new_limit=19})
[36108:62600:0527/152454.876:VERBOSE1:media_stream_manager.cc(1533)] MSPL::OnSpeedLimitChange({this=0000287C0235AD40}, {new_limit=20})
[36108:62600:0527/152456.874:VERBOSE1:media_stream_manager.cc(1533)] MSPL::OnSpeedLimitChange({this=0000287C0235AD40}, {new_limit=21})
[36108:62600:0527/152457.878:VERBOSE1:media_stream_manager.cc(1533)] MSPL::OnSpeedLimitChange({this=0000287C0235AD40}, {new_limit=20})
[36108:62600:0527/152458.902:VERBOSE1:media_stream_manager.cc(1533)] MSPL::OnSpeedLimitChange({this=0000287C0235AD40}, {new_limit=21})
[36108:62600:0527/152500.895:VERBOSE1:media_stream_manager.cc(1533)] MSPL::OnSpeedLimitChange({this=0000287C0235AD40}, {new_limit=22})
[36108:62600:0527/152501.881:VERBOSE1:media_stream_manager.cc(1533)] MSPL::OnSpeedLimitChange({this=0000287C0235AD40}, {new_limit=21})
[36108:62600:0527/152502.892:VERBOSE1:media_stream_manager.cc(1533)] MSPL::OnSpeedLimitChange({this=0000287C0235AD40}, {new_limit=20})
[36108:62600:0527/152504.887:VERBOSE1:media_stream_manager.cc(1533)] MSPL::OnSpeedLimitChange({this=0000287C0235AD40}, {new_limit=18})
[36108:62600:0527/152505.880:VERBOSE1:media_stream_manager.cc(1533)] MSPL::OnSpeedLimitChange({this=0000287C0235AD40}, {new_limit=17})
[36108:62600:0527/152506.887:VERBOSE1:media_stream_manager.cc(1533)] MSPL::OnSpeedLimitChange({this=0000287C0235AD40}, {new_limit=16})
[36108:62600:0527/152507.905:VERBOSE1:media_stream_manager.cc(1533)] MSPL::OnSpeedLimitChange({this=0000287C0235AD40}, {new_limit=15})
[36108:62600:0527/152508.894:VERBOSE1:media_stream_manager.cc(1533)] MSPL::OnSpeedLimitChange({this=0000287C0235AD40}, {new_limit=13})
[36108:62600:0527/152509.882:VERBOSE1:media_stream_manager.cc(1533)] MSPL::OnSpeedLimitChange({this=0000287C0235AD40}, {new_limit=14})
[36108:30044:0527/152522.085:VERBOSE1:device_event_log_impl.cc(198)] [15:25:22.085] Display: EVENT: screen_win.cc:893 Displays updated, count: 2
[36108:30044:0527/152522.085:VERBOSE1:device_event_log_impl.cc(198)] [15:25:22.085] Display: EVENT: screen_win.cc:895 Display[2848582967] bounds=[0,0 1440x900], workarea=[0,0 1440x852], scale=2, rotation=0, panel_rotation=0 external detected
[36108:30044:0527/152522.087:VERBOSE1:device_event_log_impl.cc(198)] [15:25:22.085] Display: EVENT: screen_win.cc:895 Display[1487107518] bounds=[-283,-1440 3440x1440], workarea=[-283,-1440 3440x1392], scale=1, rotation=0, panel_rotation=0 external detected
[36108:30044:0527/152557.750:VERBOSE1:device_event_log_impl.cc(198)] [15:25:57.749] Display: EVENT: screen_win.cc:893 Displays updated, count: 2
[36108:30044:0527/152557.750:VERBOSE1:device_event_log_impl.cc(198)] [15:25:57.750] Display: EVENT: screen_win.cc:895 Display[2848582967] bounds=[0,0 1440x900], workarea=[0,0 1440x852], scale=2, rotation=0, panel_rotation=0 external detected
[36108:30044:0527/152557.750:VERBOSE1:device_event_log_impl.cc(198)] [15:25:57.750] Display: EVENT: screen_win.cc:895 Display[1487107518] bounds=[-283,-1440 3440x1440], workarea=[-283,-1440 3440x1392], scale=1, rotation=0, panel_rotation=0 external detected
[36108:62600:0527/152559.391:VERBOSE1:media_stream_manager.cc(1533)] MSPL::OnSpeedLimitChange({this=0000287C0235AD40}, {new_limit=13})
[36108:62600:0527/152559.391:VERBOSE1:media_stream_manager.cc(1533)] MSPL::OnSpeedLimitChange({this=0000287C0235AD40}, {new_limit=14})
[36108:62600:0527/152559.392:VERBOSE1:media_stream_manager.cc(1533)] MSPL::OnSpeedLimitChange({this=0000287C0235AD40}, {new_limit=16})
[36108:62600:0527/152559.392:VERBOSE1:media_stream_manager.cc(1533)] MSPL::OnSpeedLimitChange({this=0000287C0235AD40}, {new_limit=18})
[36108:62600:0527/152559.392:VERBOSE1:media_stream_manager.cc(1533)] MSPL::OnSpeedLimitChange({this=0000287C0235AD40}, {new_limit=20})
[36108:62600:0527/152559.392:VERBOSE1:media_stream_manager.cc(1533)] MSPL::OnSpeedLimitChange({this=0000287C0235AD40}, {new_limit=21})
[36108:62600:0527/152559.392:VERBOSE1:media_stream_manager.cc(1533)] MSPL::OnSpeedLimitChange({this=0000287C0235AD40}, {new_limit=23})
[36108:62600:0527/152559.392:VERBOSE1:media_stream_manager.cc(1533)] MSPL::OnSpeedLimitChange({this=0000287C0235AD40}, {new_limit=24})
[36108:62600:0527/152559.392:VERBOSE1:media_stream_manager.cc(1533)] MSPL::OnSpeedLimitChange({this=0000287C0235AD40}, {new_limit=25})
[36108:62600:0527/152559.392:VERBOSE1:media_stream_manager.cc(1533)] MSPL::OnSpeedLimitChange({this=0000287C0235AD40}, {new_limit=24})
[36108:62600:0527/152559.392:VERBOSE1:media_stream_manager.cc(1533)] MSPL::OnSpeedLimitChange({this=0000287C0235AD40}, {new_limit=26})
[36108:62600:0527/152559.392:VERBOSE1:media_stream_manager.cc(1533)] MSPL::OnSpeedLimitChange({this=0000287C0235AD40}, {new_limit=25})
[36108:62600:0527/152559.392:VERBOSE1:media_stream_manager.cc(1533)] MSPL::OnSpeedLimitChange({this=0000287C0235AD40}, {new_limit=24})
[36108:62600:0527/152559.392:VERBOSE1:media_stream_manager.cc(1533)] MSPL::OnSpeedLimitChange({this=0000287C0235AD40}, {new_limit=26})
[36108:62600:0527/152559.392:VERBOSE1:media_stream_manager.cc(1533)] MSPL::OnSpeedLimitChange({this=0000287C0235AD40}, {new_limit=27})
[36108:62600:0527/152559.392:VERBOSE1:media_stream_manager.cc(1533)] MSPL::OnSpeedLimitChange({this=0000287C0235AD40}, {new_limit=25})
[36108:62600:0527/152559.392:VERBOSE1:media_stream_manager.cc(1533)] MSPL::OnSpeedLimitChange({this=0000287C0235AD40}, {new_limit=24})
[36108:62600:0527/152559.392:VERBOSE1:media_stream_manager.cc(1533)] MSPL::OnSpeedLimitChange({this=0000287C0235AD40}, {new_limit=23})
[36108:62600:0527/152559.392:VERBOSE1:media_stream_manager.cc(1533)] MSPL::OnSpeedLimitChange({this=0000287C0235AD40}, {new_limit=25})
[36108:62600:0527/152559.392:VERBOSE1:media_stream_manager.cc(1533)] MSPL::OnSpeedLimitChange({this=0000287C0235AD40}, {new_limit=27})
[36108:62600:0527/152559.935:VERBOSE1:media_stream_manager.cc(1533)] MSPL::OnSpeedLimitChange({this=0000287C0235AD40}, {new_limit=25})
[36108:62600:0527/152601.918:VERBOSE1:media_stream_manager.cc(1533)] MSPL::OnSpeedLimitChange({this=0000287C0235AD40}, {new_limit=24})
[36108:62600:0527/152602.934:VERBOSE1:media_stream_manager.cc(1533)] MSPL::OnSpeedLimitChange({this=0000287C0235AD40}, {new_limit=23})
[36108:62600:0527/152604.941:VERBOSE1:media_stream_manager.cc(1533)] MSPL::OnSpeedLimitChange({this=0000287C0235AD40}, {new_limit=22})
[36108:62600:0527/152606.920:VERBOSE1:media_stream_manager.cc(1533)] MSPL::OnSpeedLimitChange({this=0000287C0235AD40}, {new_limit=21})
[36108:62600:0527/152608.934:VERBOSE1:media_stream_manager.cc(1533)] MSPL::OnSpeedLimitChange({this=0000287C0235AD40}, {new_limit=20})
[36108:62600:0527/152609.940:VERBOSE1:media_stream_manager.cc(1533)] MSPL::OnSpeedLimitChange({this=0000287C0235AD40}, {new_limit=21})
[36108:62600:0527/152611.939:VERBOSE1:media_stream_manager.cc(1533)] MSPL::OnSpeedLimitChange({this=0000287C0235AD40}, {new_limit=20})
[36108:62600:0527/152619.219:VERBOSE1:media_stream_manager.cc(1533)] MSPL::OnSpeedLimitChange({this=0000287C0235AD40}, {new_limit=21})
[36108:62600:0527/152621.931:VERBOSE1:media_stream_manager.cc(1533)] MSPL::OnSpeedLimitChange({this=0000287C0235AD40}, {new_limit=22})
[53548:8684:0527/152624.647:VERBOSE1:frame_impl.cc(620)] frame 6-45090DB7B9C83F587A15E2DC4BB946F1 disconnected (reason=RENDER_FRAME_DISCONNECT, current_state=CONNECTION_ACKED)
[53548:8684:0527/152624.647:VERBOSE1:frame_impl.cc(633)] frame 6-45090DB7B9C83F587A15E2DC4BB946F1 connection retry scheduled
